Component: Arm Compiler for Embedded 6.18 Tool: armlink [5e4cc100]

==============================================================================

Section Cross References

    startup.o(STACK) refers (Special) to heapauxi.o(.text) for __use_two_region_memory
    startup.o(HEAP) refers (Special) to heapauxi.o(.text) for __use_two_region_memory
    startup.o(RESET) refers (Special) to heapauxi.o(.text) for __use_two_region_memory
    startup.o(RESET) refers to startup.o(STACK) for StackMem
    startup.o(RESET) refers to uart.o(.text.UART0_Handler) for UART0_Handler
    startup.o(RESET) refers to __main.o(!!!main) for __main
    startup.o(.text) refers (Special) to heapauxi.o(.text) for __use_two_region_memory
    startup.o(.text) refers to startup.o(HEAP) for HeapMem
    startup.o(.text) refers to startup.o(STACK) for StackMem
    pll.o(.ARM.exidx.text.PLL_Init) refers to pll.o(.text.PLL_Init) for [Anonymous Symbol]
    uart.o(.text.RxFifo_Init) refers to startup.o(.text) for StartCritical
    uart.o(.text.RxFifo_Init) refers to uart.o(.bss.RxGetI) for RxGetI
    uart.o(.text.RxFifo_Init) refers to uart.o(.bss.RxPutI) for RxPutI
    uart.o(.ARM.exidx.text.RxFifo_Init) refers to uart.o(.text.RxFifo_Init) for [Anonymous Symbol]
    uart.o(.text.RxFifo_Put) refers to uart.o(.bss.RxPutI) for RxPutI
    uart.o(.text.RxFifo_Put) refers to uart.o(.bss.RxGetI) for RxGetI
    uart.o(.text.RxFifo_Put) refers to uart.o(.bss.RxFifo) for RxFifo
    uart.o(.ARM.exidx.text.RxFifo_Put) refers to uart.o(.text.RxFifo_Put) for [Anonymous Symbol]
    uart.o(.text.RxFifo_Get) refers to uart.o(.bss.RxPutI) for RxPutI
    uart.o(.text.RxFifo_Get) refers to uart.o(.bss.RxGetI) for RxGetI
    uart.o(.text.RxFifo_Get) refers to uart.o(.bss.RxFifo) for RxFifo
    uart.o(.ARM.exidx.text.RxFifo_Get) refers to uart.o(.text.RxFifo_Get) for [Anonymous Symbol]
    uart.o(.text.RxFifo_Size) refers to uart.o(.bss.RxPutI) for RxPutI
    uart.o(.text.RxFifo_Size) refers to uart.o(.bss.RxGetI) for RxGetI
    uart.o(.ARM.exidx.text.RxFifo_Size) refers to uart.o(.text.RxFifo_Size) for [Anonymous Symbol]
    uart.o(.text.TxFifo_Init) refers to startup.o(.text) for StartCritical
    uart.o(.text.TxFifo_Init) refers to uart.o(.bss.TxGetI) for TxGetI
    uart.o(.text.TxFifo_Init) refers to uart.o(.bss.TxPutI) for TxPutI
    uart.o(.ARM.exidx.text.TxFifo_Init) refers to uart.o(.text.TxFifo_Init) for [Anonymous Symbol]
    uart.o(.text.TxFifo_Put) refers to uart.o(.bss.TxPutI) for TxPutI
    uart.o(.text.TxFifo_Put) refers to uart.o(.bss.TxGetI) for TxGetI
    uart.o(.text.TxFifo_Put) refers to uart.o(.bss.TxFifo) for TxFifo
    uart.o(.ARM.exidx.text.TxFifo_Put) refers to uart.o(.text.TxFifo_Put) for [Anonymous Symbol]
    uart.o(.text.TxFifo_Get) refers to uart.o(.bss.TxPutI) for TxPutI
    uart.o(.text.TxFifo_Get) refers to uart.o(.bss.TxGetI) for TxGetI
    uart.o(.text.TxFifo_Get) refers to uart.o(.bss.TxFifo) for TxFifo
    uart.o(.ARM.exidx.text.TxFifo_Get) refers to uart.o(.text.TxFifo_Get) for [Anonymous Symbol]
    uart.o(.text.TxFifo_Size) refers to uart.o(.bss.TxPutI) for TxPutI
    uart.o(.text.TxFifo_Size) refers to uart.o(.bss.TxGetI) for TxGetI
    uart.o(.ARM.exidx.text.TxFifo_Size) refers to uart.o(.text.TxFifo_Size) for [Anonymous Symbol]
    uart.o(.text.UART_Init) refers to uart.o(.text.RxFifo_Init) for RxFifo_Init
    uart.o(.text.UART_Init) refers to uart.o(.text.TxFifo_Init) for TxFifo_Init
    uart.o(.text.UART_Init) refers to startup.o(.text) for EnableInterrupts
    uart.o(.ARM.exidx.text.UART_Init) refers to uart.o(.text.UART_Init) for [Anonymous Symbol]
    uart.o(.text.UART_InChar) refers to uart.o(.text.RxFifo_Get) for RxFifo_Get
    uart.o(.ARM.exidx.text.UART_InChar) refers to uart.o(.text.UART_InChar) for [Anonymous Symbol]
    uart.o(.text.UART_OutChar) refers to uart.o(.text.TxFifo_Put) for TxFifo_Put
    uart.o(.text.UART_OutChar) refers to uart.o(.text.copySoftwareToHardware) for copySoftwareToHardware
    uart.o(.ARM.exidx.text.UART_OutChar) refers to uart.o(.text.UART_OutChar) for [Anonymous Symbol]
    uart.o(.text.copySoftwareToHardware) refers to uart.o(.text.TxFifo_Size) for TxFifo_Size
    uart.o(.text.copySoftwareToHardware) refers to uart.o(.text.TxFifo_Get) for TxFifo_Get
    uart.o(.ARM.exidx.text.copySoftwareToHardware) refers to uart.o(.text.copySoftwareToHardware) for [Anonymous Symbol]
    uart.o(.text.UART0_Handler) refers to uart.o(.text.copySoftwareToHardware) for copySoftwareToHardware
    uart.o(.text.UART0_Handler) refers to uart.o(.text.TxFifo_Size) for TxFifo_Size
    uart.o(.text.UART0_Handler) refers to uart.o(.text.copyHardwareToSoftware) for copyHardwareToSoftware
    uart.o(.ARM.exidx.text.UART0_Handler) refers to uart.o(.text.UART0_Handler) for [Anonymous Symbol]
    uart.o(.text.copyHardwareToSoftware) refers to uart.o(.text.RxFifo_Size) for RxFifo_Size
    uart.o(.text.copyHardwareToSoftware) refers to uart.o(.text.RxFifo_Put) for RxFifo_Put
    uart.o(.ARM.exidx.text.copyHardwareToSoftware) refers to uart.o(.text.copyHardwareToSoftware) for [Anonymous Symbol]
    uart.o(.text.UART_OutString) refers to uart.o(.text.UART_OutChar) for UART_OutChar
    uart.o(.ARM.exidx.text.UART_OutString) refers to uart.o(.text.UART_OutString) for [Anonymous Symbol]
    uart.o(.text.UART_InUDec) refers to uart.o(.text.UART_InChar) for UART_InChar
    uart.o(.text.UART_InUDec) refers to uart.o(.text.UART_OutChar) for UART_OutChar
    uart.o(.ARM.exidx.text.UART_InUDec) refers to uart.o(.text.UART_InUDec) for [Anonymous Symbol]
    uart.o(.text.UART_OutUDec) refers to uart.o(.text.UART_OutChar) for UART_OutChar
    uart.o(.ARM.exidx.text.UART_OutUDec) refers to uart.o(.text.UART_OutUDec) for [Anonymous Symbol]
    uart.o(.text.UART_InUHex) refers to uart.o(.text.UART_InChar) for UART_InChar
    uart.o(.text.UART_InUHex) refers to uart.o(.text.UART_OutChar) for UART_OutChar
    uart.o(.ARM.exidx.text.UART_InUHex) refers to uart.o(.text.UART_InUHex) for [Anonymous Symbol]
    uart.o(.text.UART_OutUHex) refers to uart.o(.text.UART_OutChar) for UART_OutChar
    uart.o(.ARM.exidx.text.UART_OutUHex) refers to uart.o(.text.UART_OutUHex) for [Anonymous Symbol]
    uart.o(.text.UART_InString) refers to uart.o(.text.UART_InChar) for UART_InChar
    uart.o(.text.UART_InString) refers to uart.o(.text.UART_OutChar) for UART_OutChar
    uart.o(.ARM.exidx.text.UART_InString) refers to uart.o(.text.UART_InString) for [Anonymous Symbol]
    uartintstestmain.o(.text.OutCRLF) refers to uart.o(.text.UART_OutChar) for UART_OutChar
    uartintstestmain.o(.ARM.exidx.text.OutCRLF) refers to uartintstestmain.o(.text.OutCRLF) for [Anonymous Symbol]
    uartintstestmain.o(.text.main) refers to pll.o(.text.PLL_Init) for PLL_Init
    uartintstestmain.o(.text.main) refers to uart.o(.text.UART_Init) for UART_Init
    uartintstestmain.o(.text.main) refers to uartintstestmain.o(.text.OutCRLF) for OutCRLF
    uartintstestmain.o(.text.main) refers to uart.o(.text.UART_OutChar) for UART_OutChar
    uartintstestmain.o(.text.main) refers to uartintstestmain.o(.rodata.str1.1) for .L.str
    uartintstestmain.o(.text.main) refers to uart.o(.text.UART_OutString) for UART_OutString
    uartintstestmain.o(.text.main) refers to uart.o(.text.UART_InString) for UART_InString
    uartintstestmain.o(.text.main) refers to uart.o(.text.UART_InUDec) for UART_InUDec
    uartintstestmain.o(.text.main) refers to uart.o(.text.UART_OutUDec) for UART_OutUDec
    uartintstestmain.o(.text.main) refers to uart.o(.text.UART_InUHex) for UART_InUHex
    uartintstestmain.o(.text.main) refers to uart.o(.text.UART_OutUHex) for UART_OutUHex
    uartintstestmain.o(.ARM.exidx.text.main) refers to uartintstestmain.o(.text.main) for [Anonymous Symbol]
    __main.o(!!!main) refers to __rtentry.o(.ARM.Collect$$rtentry$$00000000) for __rt_entry
    __rtentry.o(.ARM.Collect$$rtentry$$00000000) refers (Special) to __rtentry2.o(.ARM.Collect$$rtentry$$0000000A) for __rt_entry_li
    __rtentry.o(.ARM.Collect$$rtentry$$00000000) refers (Special) to __rtentry2.o(.ARM.Collect$$rtentry$$0000000D) for __rt_entry_main
    __rtentry.o(.ARM.Collect$$rtentry$$00000000) refers (Special) to __rtentry2.o(.ARM.Collect$$rtentry$$0000000C) for __rt_entry_postli_1
    __rtentry.o(.ARM.Collect$$rtentry$$00000000) refers (Special) to __rtentry2.o(.ARM.Collect$$rtentry$$00000009) for __rt_entry_postsh_1
    __rtentry.o(.ARM.Collect$$rtentry$$00000000) refers (Special) to __rtentry2.o(.ARM.Collect$$rtentry$$00000002) for __rt_entry_presh_1
    __rtentry.o(.ARM.Collect$$rtentry$$00000000) refers (Special) to __rtentry4.o(.ARM.Collect$$rtentry$$00000004) for __rt_entry_sh
    __rtentry2.o(.ARM.Collect$$rtentry$$00000008) refers to boardinit2.o(.text) for _platform_post_stackheap_init
    __rtentry2.o(.ARM.Collect$$rtentry$$0000000A) refers to libinit.o(.ARM.Collect$$libinit$$00000000) for __rt_lib_init
    __rtentry2.o(.ARM.Collect$$rtentry$$0000000B) refers to boardinit3.o(.text) for _platform_post_lib_init
    __rtentry2.o(.ARM.Collect$$rtentry$$0000000D) refers to uartintstestmain.o(.text.main) for main
    __rtentry2.o(.ARM.Collect$$rtentry$$0000000D) refers to exit.o(.text) for exit
    __rtentry2.o(.ARM.exidx) refers to __rtentry2.o(.ARM.Collect$$rtentry$$00000001) for .ARM.Collect$$rtentry$$00000001
    __rtentry2.o(.ARM.exidx) refers to __rtentry2.o(.ARM.Collect$$rtentry$$00000008) for .ARM.Collect$$rtentry$$00000008
    __rtentry2.o(.ARM.exidx) refers to __rtentry2.o(.ARM.Collect$$rtentry$$0000000A) for .ARM.Collect$$rtentry$$0000000A
    __rtentry2.o(.ARM.exidx) refers to __rtentry2.o(.ARM.Collect$$rtentry$$0000000B) for .ARM.Collect$$rtentry$$0000000B
    __rtentry2.o(.ARM.exidx) refers to __rtentry2.o(.ARM.Collect$$rtentry$$0000000D) for .ARM.Collect$$rtentry$$0000000D
    __rtentry4.o(.ARM.Collect$$rtentry$$00000004) refers to sys_stackheap_outer.o(.text) for __user_setup_stackheap
    __rtentry4.o(.ARM.exidx) refers to __rtentry4.o(.ARM.Collect$$rtentry$$00000004) for .ARM.Collect$$rtentry$$00000004
    sys_stackheap_outer.o(.text) refers to libspace.o(.text) for __user_perproc_libspace
    sys_stackheap_outer.o(.text) refers to startup.o(.text) for __user_initial_stackheap
    exit.o(.text) refers to rtexit.o(.ARM.Collect$$rtexit$$00000000) for __rt_exit
    libinit.o(.ARM.Collect$$libinit$$00000000) refers (Special) to libinit2.o(.ARM.Collect$$libinit$$00000030) for __rt_lib_init_alloca_1
    libinit.o(.ARM.Collect$$libinit$$00000000) refers (Special) to libinit2.o(.ARM.Collect$$libinit$$0000002E) for __rt_lib_init_argv_1
    libinit.o(.ARM.Collect$$libinit$$00000000) refers (Special) to libinit2.o(.ARM.Collect$$libinit$$0000001D) for __rt_lib_init_atexit_1
    libinit.o(.ARM.Collect$$libinit$$00000000) refers (Special) to libinit2.o(.ARM.Collect$$libinit$$00000023) for __rt_lib_init_clock_1
    libinit.o(.ARM.Collect$$libinit$$00000000) refers (Special) to libinit2.o(.ARM.Collect$$libinit$$00000034) for __rt_lib_init_cpp_1
    libinit.o(.ARM.Collect$$libinit$$00000000) refers (Special) to libinit2.o(.ARM.Collect$$libinit$$00000032) for __rt_lib_init_exceptions_1
    libinit.o(.ARM.Collect$$libinit$$00000000) refers (Special) to libinit2.o(.ARM.Collect$$libinit$$00000002) for __rt_lib_init_fp_1
    libinit.o(.ARM.Collect$$libinit$$00000000) refers (Special) to libinit2.o(.ARM.Collect$$libinit$$00000021) for __rt_lib_init_fp_trap_1
    libinit.o(.ARM.Collect$$libinit$$00000000) refers (Special) to libinit2.o(.ARM.Collect$$libinit$$00000025) for __rt_lib_init_getenv_1
    libinit.o(.ARM.Collect$$libinit$$00000000) refers (Special) to libinit2.o(.ARM.Collect$$libinit$$0000000C) for __rt_lib_init_heap_1
    libinit.o(.ARM.Collect$$libinit$$00000000) refers (Special) to libinit2.o(.ARM.Collect$$libinit$$00000013) for __rt_lib_init_lc_collate_1
    libinit.o(.ARM.Collect$$libinit$$00000000) refers (Special) to libinit2.o(.ARM.Collect$$libinit$$00000015) for __rt_lib_init_lc_ctype_1
    libinit.o(.ARM.Collect$$libinit$$00000000) refers (Special) to libinit2.o(.ARM.Collect$$libinit$$00000017) for __rt_lib_init_lc_monetary_1
    libinit.o(.ARM.Collect$$libinit$$00000000) refers (Special) to libinit2.o(.ARM.Collect$$libinit$$00000019) for __rt_lib_init_lc_numeric_1
    libinit.o(.ARM.Collect$$libinit$$00000000) refers (Special) to libinit2.o(.ARM.Collect$$libinit$$0000001B) for __rt_lib_init_lc_time_1
    libinit.o(.ARM.Collect$$libinit$$00000000) refers (Special) to libinit2.o(.ARM.Collect$$libinit$$00000006) for __rt_lib_init_preinit_1
    libinit.o(.ARM.Collect$$libinit$$00000000) refers (Special) to libinit2.o(.ARM.Collect$$libinit$$00000010) for __rt_lib_init_rand_1
    libinit.o(.ARM.Collect$$libinit$$00000000) refers (Special) to libinit2.o(.ARM.Collect$$libinit$$00000004) for __rt_lib_init_relocate_pie_1
    libinit.o(.ARM.Collect$$libinit$$00000000) refers (Special) to libinit2.o(.ARM.Collect$$libinit$$00000035) for __rt_lib_init_return
    libinit.o(.ARM.Collect$$libinit$$00000000) refers (Special) to libinit2.o(.ARM.Collect$$libinit$$0000001F) for __rt_lib_init_signal_1
    libinit.o(.ARM.Collect$$libinit$$00000000) refers (Special) to libinit2.o(.ARM.Collect$$libinit$$00000027) for __rt_lib_init_stdio_1
    libinit.o(.ARM.Collect$$libinit$$00000000) refers (Special) to libinit2.o(.ARM.Collect$$libinit$$0000000E) for __rt_lib_init_user_alloc_1
    libspace.o(.text) refers to libspace.o(.bss) for __libspace_start
    rtexit.o(.ARM.Collect$$rtexit$$00000000) refers (Special) to rtexit2.o(.ARM.Collect$$rtexit$$00000004) for __rt_exit_exit
    rtexit.o(.ARM.Collect$$rtexit$$00000000) refers (Special) to rtexit2.o(.ARM.Collect$$rtexit$$00000003) for __rt_exit_ls
    rtexit.o(.ARM.Collect$$rtexit$$00000000) refers (Special) to rtexit2.o(.ARM.Collect$$rtexit$$00000002) for __rt_exit_prels_1
    rtexit.o(.ARM.exidx) refers (Special) to rtexit2.o(.ARM.Collect$$rtexit$$00000004) for __rt_exit_exit
    rtexit.o(.ARM.exidx) refers (Special) to rtexit2.o(.ARM.Collect$$rtexit$$00000003) for __rt_exit_ls
    rtexit.o(.ARM.exidx) refers (Special) to rtexit2.o(.ARM.Collect$$rtexit$$00000002) for __rt_exit_prels_1
    rtexit.o(.ARM.exidx) refers to rtexit.o(.ARM.Collect$$rtexit$$00000000) for .ARM.Collect$$rtexit$$00000000
    libinit2.o(.ARM.Collect$$libinit$$00000012) refers to libinit2.o(.ARM.Collect$$libinit$$00000011) for .ARM.Collect$$libinit$$00000011
    libinit2.o(.ARM.Collect$$libinit$$00000014) refers to libinit2.o(.ARM.Collect$$libinit$$00000011) for .ARM.Collect$$libinit$$00000011
    libinit2.o(.ARM.Collect$$libinit$$00000016) refers to libinit2.o(.ARM.Collect$$libinit$$00000011) for .ARM.Collect$$libinit$$00000011
    libinit2.o(.ARM.Collect$$libinit$$00000018) refers to libinit2.o(.ARM.Collect$$libinit$$00000011) for .ARM.Collect$$libinit$$00000011
    libinit2.o(.ARM.Collect$$libinit$$0000001A) refers to libinit2.o(.ARM.Collect$$libinit$$00000011) for .ARM.Collect$$libinit$$00000011
    libinit2.o(.ARM.Collect$$libinit$$00000028) refers to argv_veneer.o(.emb_text) for __ARM_argv_veneer
    libinit2.o(.ARM.Collect$$libinit$$00000029) refers to argv_veneer.o(.emb_text) for __ARM_argv_veneer
    rtexit2.o(.ARM.Collect$$rtexit$$00000003) refers to libshutdown.o(.ARM.Collect$$libshutdown$$00000000) for __rt_lib_shutdown
    rtexit2.o(.ARM.Collect$$rtexit$$00000004) refers to sys_exit.o(.text) for _sys_exit
    rtexit2.o(.ARM.exidx) refers to rtexit2.o(.ARM.Collect$$rtexit$$00000001) for .ARM.Collect$$rtexit$$00000001
    rtexit2.o(.ARM.exidx) refers to rtexit2.o(.ARM.Collect$$rtexit$$00000003) for .ARM.Collect$$rtexit$$00000003
    rtexit2.o(.ARM.exidx) refers to rtexit2.o(.ARM.Collect$$rtexit$$00000004) for .ARM.Collect$$rtexit$$00000004
    argv_veneer.o(.emb_text) refers to no_argv.o(.text) for __ARM_get_argv
    sys_exit.o(.text) refers (Special) to use_no_semi.o(.text) for __I$use$semihosting
    sys_exit.o(.text) refers (Special) to indicate_semi.o(.text) for __semihosting_library_function
    sys_exit_hlt.o(.text) refers (Special) to use_no_semi.o(.text) for __I$use$semihosting
    sys_exit_hlt.o(.text) refers (Special) to indicate_semi.o(.text) for __semihosting_library_function
    _get_argv_nomalloc.o(.text) refers (Special) to hrguard.o(.text) for __heap_region$guard
    _get_argv_nomalloc.o(.text) refers to defsig_rtmem_outer.o(.text) for __rt_SIGRTMEM
    _get_argv_nomalloc.o(.text) refers to sys_command.o(.text) for _sys_command_string
    libshutdown.o(.ARM.Collect$$libshutdown$$00000000) refers (Special) to libshutdown2.o(.ARM.Collect$$libshutdown$$00000002) for __rt_lib_shutdown_cpp_1
    libshutdown.o(.ARM.Collect$$libshutdown$$00000000) refers (Special) to libshutdown2.o(.ARM.Collect$$libshutdown$$00000007) for __rt_lib_shutdown_fp_trap_1
    libshutdown.o(.ARM.Collect$$libshutdown$$00000000) refers (Special) to libshutdown2.o(.ARM.Collect$$libshutdown$$0000000F) for __rt_lib_shutdown_heap_1
    libshutdown.o(.ARM.Collect$$libshutdown$$00000000) refers (Special) to libshutdown2.o(.ARM.Collect$$libshutdown$$00000010) for __rt_lib_shutdown_return
    libshutdown.o(.ARM.Collect$$libshutdown$$00000000) refers (Special) to libshutdown2.o(.ARM.Collect$$libshutdown$$0000000A) for __rt_lib_shutdown_signal_1
    libshutdown.o(.ARM.Collect$$libshutdown$$00000000) refers (Special) to libshutdown2.o(.ARM.Collect$$libshutdown$$00000004) for __rt_lib_shutdown_stdio_1
    libshutdown.o(.ARM.Collect$$libshutdown$$00000000) refers (Special) to libshutdown2.o(.ARM.Collect$$libshutdown$$0000000C) for __rt_lib_shutdown_user_alloc_1
    sys_command.o(.text) refers (Special) to use_no_semi.o(.text) for __I$use$semihosting
    sys_command.o(.text) refers (Special) to indicate_semi.o(.text) for __semihosting_library_function
    sys_command_hlt.o(.text) refers (Special) to use_no_semi.o(.text) for __I$use$semihosting
    sys_command_hlt.o(.text) refers (Special) to indicate_semi.o(.text) for __semihosting_library_function
    defsig_rtmem_outer.o(.text) refers to defsig_rtmem_inner.o(.text) for __rt_SIGRTMEM_inner
    defsig_rtmem_outer.o(.text) refers to defsig_exit.o(.text) for __sig_exit
    defsig_rtmem_formal.o(.text) refers to rt_raise.o(.text) for __rt_raise
    rt_raise.o(.text) refers to __raise.o(.text) for __raise
    rt_raise.o(.text) refers to sys_exit.o(.text) for _sys_exit
    defsig_exit.o(.text) refers to sys_exit.o(.text) for _sys_exit
    defsig_rtmem_inner.o(.text) refers to defsig_general.o(.text) for __default_signal_display
    __raise.o(.text) refers to defsig.o(CL$$defsig) for __default_signal_handler
    defsig_general.o(.text) refers to sys_wrch.o(.text) for _ttywrch
    sys_wrch.o(.text) refers (Special) to use_no_semi.o(.text) for __I$use$semihosting
    sys_wrch.o(.text) refers (Special) to indicate_semi.o(.text) for __semihosting_library_function
    sys_wrch_hlt.o(.text) refers (Special) to use_no_semi.o(.text) for __I$use$semihosting
    sys_wrch_hlt.o(.text) refers (Special) to indicate_semi.o(.text) for __semihosting_library_function
    defsig.o(CL$$defsig) refers to defsig_rtmem_inner.o(.text) for __rt_SIGRTMEM_inner
    defsig_abrt_inner.o(.text) refers to defsig_general.o(.text) for __default_signal_display
    defsig_fpe_inner.o(.text) refers to defsig_general.o(.text) for __default_signal_display
    defsig_rtred_inner.o(.text) refers to defsig_general.o(.text) for __default_signal_display
    defsig_stak_inner.o(.text) refers to defsig_general.o(.text) for __default_signal_display
    defsig_pvfn_inner.o(.text) refers to defsig_general.o(.text) for __default_signal_display
    defsig_cppl_inner.o(.text) refers to defsig_general.o(.text) for __default_signal_display
    defsig_segv_inner.o(.text) refers to defsig_general.o(.text) for __default_signal_display
    defsig_other.o(.text) refers to defsig_general.o(.text) for __default_signal_display


==============================================================================

Removing Unused input sections from the image.

    Removing pll.o(.text), (0 bytes).
    Removing pll.o(.ARM.exidx.text.PLL_Init), (8 bytes).
    Removing uart.o(.text), (0 bytes).
    Removing uart.o(.ARM.exidx.text.RxFifo_Init), (8 bytes).
    Removing uart.o(.ARM.exidx.text.RxFifo_Put), (8 bytes).
    Removing uart.o(.ARM.exidx.text.RxFifo_Get), (8 bytes).
    Removing uart.o(.ARM.exidx.text.RxFifo_Size), (8 bytes).
    Removing uart.o(.ARM.exidx.text.TxFifo_Init), (8 bytes).
    Removing uart.o(.ARM.exidx.text.TxFifo_Put), (8 bytes).
    Removing uart.o(.ARM.exidx.text.TxFifo_Get), (8 bytes).
    Removing uart.o(.ARM.exidx.text.TxFifo_Size), (8 bytes).
    Removing uart.o(.ARM.exidx.text.UART_Init), (8 bytes).
    Removing uart.o(.ARM.exidx.text.UART_InChar), (8 bytes).
    Removing uart.o(.ARM.exidx.text.UART_OutChar), (8 bytes).
    Removing uart.o(.ARM.exidx.text.copySoftwareToHardware), (8 bytes).
    Removing uart.o(.ARM.exidx.text.UART0_Handler), (8 bytes).
    Removing uart.o(.ARM.exidx.text.copyHardwareToSoftware), (8 bytes).
    Removing uart.o(.ARM.exidx.text.UART_OutString), (8 bytes).
    Removing uart.o(.ARM.exidx.text.UART_InUDec), (8 bytes).
    Removing uart.o(.ARM.exidx.text.UART_OutUDec), (8 bytes).
    Removing uart.o(.ARM.exidx.text.UART_InUHex), (8 bytes).
    Removing uart.o(.ARM.exidx.text.UART_OutUHex), (8 bytes).
    Removing uart.o(.ARM.exidx.text.UART_InString), (8 bytes).
    Removing uartintstestmain.o(.text), (0 bytes).
    Removing uartintstestmain.o(.ARM.exidx.text.OutCRLF), (8 bytes).
    Removing uartintstestmain.o(.ARM.exidx.text.main), (8 bytes).
    Removing uartintstestmain.o(.ARM.use_no_argv), (4 bytes).

27 unused section(s) (total 188 bytes) removed from the image.

==============================================================================

Image Symbol Table

    Local Symbols

    Symbol Name                              Value     Ov Type        Size  Object(Section)

    ../clib/angel/boardlib.s                 0x00000000   Number         0  boardinit1.o ABSOLUTE
    ../clib/angel/boardlib.s                 0x00000000   Number         0  boardinit2.o ABSOLUTE
    ../clib/angel/boardlib.s                 0x00000000   Number         0  boardinit3.o ABSOLUTE
    ../clib/angel/boardlib.s                 0x00000000   Number         0  boardshut.o ABSOLUTE
    ../clib/angel/handlers.s                 0x00000000   Number         0  __scatter_zi.o ABSOLUTE
    ../clib/angel/kernel.s                   0x00000000   Number         0  __rtentry.o ABSOLUTE
    ../clib/angel/kernel.s                   0x00000000   Number         0  __rtentry2.o ABSOLUTE
    ../clib/angel/kernel.s                   0x00000000   Number         0  __rtentry4.o ABSOLUTE
    ../clib/angel/kernel.s                   0x00000000   Number         0  rtexit.o ABSOLUTE
    ../clib/angel/kernel.s                   0x00000000   Number         0  rtexit2.o ABSOLUTE
    ../clib/angel/rt.s                       0x00000000   Number         0  rt_raise.o ABSOLUTE
    ../clib/angel/scatter.s                  0x00000000   Number         0  __scatter.o ABSOLUTE
    ../clib/angel/startup.s                  0x00000000   Number         0  __main.o ABSOLUTE
    ../clib/angel/sys.s                      0x00000000   Number         0  sys_stackheap_outer.o ABSOLUTE
    ../clib/angel/sys.s                      0x00000000   Number         0  libspace.o ABSOLUTE
    ../clib/angel/sys.s                      0x00000000   Number         0  use_no_semi.o ABSOLUTE
    ../clib/angel/sys.s                      0x00000000   Number         0  indicate_semi.o ABSOLUTE
    ../clib/angel/sysapp.c                   0x00000000   Number         0  sys_exit.o ABSOLUTE
    ../clib/angel/sysapp.c                   0x00000000   Number         0  sys_exit_hlt.o ABSOLUTE
    ../clib/angel/sysapp.c                   0x00000000   Number         0  sys_command.o ABSOLUTE
    ../clib/angel/sysapp.c                   0x00000000   Number         0  sys_command_hlt.o ABSOLUTE
    ../clib/angel/sysapp.c                   0x00000000   Number         0  sys_wrch.o ABSOLUTE
    ../clib/angel/sysapp.c                   0x00000000   Number         0  sys_wrch_hlt.o ABSOLUTE
    ../clib/armsys.c                         0x00000000   Number         0  argv_veneer.o ABSOLUTE
    ../clib/armsys.c                         0x00000000   Number         0  argv_veneer.o ABSOLUTE
    ../clib/armsys.c                         0x00000000   Number         0  _get_argv_nomalloc.o ABSOLUTE
    ../clib/armsys.c                         0x00000000   Number         0  no_argv.o ABSOLUTE
    ../clib/heapalloc.c                      0x00000000   Number         0  hrguard.o ABSOLUTE
    ../clib/heapaux.c                        0x00000000   Number         0  heapauxi.o ABSOLUTE
    ../clib/libinit.s                        0x00000000   Number         0  libinit.o ABSOLUTE
    ../clib/libinit.s                        0x00000000   Number         0  libinit2.o ABSOLUTE
    ../clib/libinit.s                        0x00000000   Number         0  libshutdown.o ABSOLUTE
    ../clib/libinit.s                        0x00000000   Number         0  libshutdown2.o ABSOLUTE
    ../clib/signal.c                         0x00000000   Number         0  defsig_rtmem_outer.o ABSOLUTE
    ../clib/signal.c                         0x00000000   Number         0  defsig_rtmem_formal.o ABSOLUTE
    ../clib/signal.c                         0x00000000   Number         0  defsig_exit.o ABSOLUTE
    ../clib/signal.c                         0x00000000   Number         0  defsig_rtmem_inner.o ABSOLUTE
    ../clib/signal.c                         0x00000000   Number         0  __raise.o ABSOLUTE
    ../clib/signal.c                         0x00000000   Number         0  defsig_general.o ABSOLUTE
    ../clib/signal.c                         0x00000000   Number         0  defsig_abrt_inner.o ABSOLUTE
    ../clib/signal.c                         0x00000000   Number         0  defsig_fpe_inner.o ABSOLUTE
    ../clib/signal.c                         0x00000000   Number         0  defsig_rtred_inner.o ABSOLUTE
    ../clib/signal.c                         0x00000000   Number         0  defsig_stak_inner.o ABSOLUTE
    ../clib/signal.c                         0x00000000   Number         0  defsig_pvfn_inner.o ABSOLUTE
    ../clib/signal.c                         0x00000000   Number         0  defsig_cppl_inner.o ABSOLUTE
    ../clib/signal.c                         0x00000000   Number         0  defsig_segv_inner.o ABSOLUTE
    ../clib/signal.c                         0x00000000   Number         0  defsig_other.o ABSOLUTE
    ../clib/signal.s                         0x00000000   Number         0  defsig.o ABSOLUTE
    ../clib/stdlib.c                         0x00000000   Number         0  exit.o ABSOLUTE
    ../fplib/fpinit.s                        0x00000000   Number         0  fpinit.o ABSOLUTE
    ../fplib/fpinit_empty.s                  0x00000000   Number         0  fpinit_empty.o ABSOLUTE
    PLL.c                                    0x00000000   Number         0  pll.o ABSOLUTE
    UART.c                                   0x00000000   Number         0  uart.o ABSOLUTE
    UARTIntsTestMain.c                       0x00000000   Number         0  uartintstestmain.o ABSOLUTE
    dc.s                                     0x00000000   Number         0  dc.o ABSOLUTE
    startup.s                                0x00000000   Number         0  startup.o ABSOLUTE
    RESET                                    0x00000000   Section      644  startup.o(RESET)
    !!!main                                  0x00000284   Section        8  __main.o(!!!main)
    !!!scatter                               0x0000028c   Section       52  __scatter.o(!!!scatter)
    !!handler_zi                             0x000002c0   Section       28  __scatter_zi.o(!!handler_zi)
    .ARM.Collect$$libinit$$00000000          0x000002dc   Section        2  libinit.o(.ARM.Collect$$libinit$$00000000)
    .ARM.Collect$$libinit$$00000002          0x000002de   Section        0  libinit2.o(.ARM.Collect$$libinit$$00000002)
    .ARM.Collect$$libinit$$00000004          0x000002de   Section        0  libinit2.o(.ARM.Collect$$libinit$$00000004)
    .ARM.Collect$$libinit$$00000006          0x000002de   Section        0  libinit2.o(.ARM.Collect$$libinit$$00000006)
    .ARM.Collect$$libinit$$0000000C          0x000002de   Section        0  libinit2.o(.ARM.Collect$$libinit$$0000000C)
    .ARM.Collect$$libinit$$0000000E          0x000002de   Section        0  libinit2.o(.ARM.Collect$$libinit$$0000000E)
    .ARM.Collect$$libinit$$00000010          0x000002de   Section        0  libinit2.o(.ARM.Collect$$libinit$$00000010)
    .ARM.Collect$$libinit$$00000013          0x000002de   Section        0  libinit2.o(.ARM.Collect$$libinit$$00000013)
    .ARM.Collect$$libinit$$00000015          0x000002de   Section        0  libinit2.o(.ARM.Collect$$libinit$$00000015)
    .ARM.Collect$$libinit$$00000017          0x000002de   Section        0  libinit2.o(.ARM.Collect$$libinit$$00000017)
    .ARM.Collect$$libinit$$00000019          0x000002de   Section        0  libinit2.o(.ARM.Collect$$libinit$$00000019)
    .ARM.Collect$$libinit$$0000001B          0x000002de   Section        0  libinit2.o(.ARM.Collect$$libinit$$0000001B)
    .ARM.Collect$$libinit$$0000001D          0x000002de   Section        0  libinit2.o(.ARM.Collect$$libinit$$0000001D)
    .ARM.Collect$$libinit$$0000001F          0x000002de   Section        0  libinit2.o(.ARM.Collect$$libinit$$0000001F)
    .ARM.Collect$$libinit$$00000021          0x000002de   Section        0  libinit2.o(.ARM.Collect$$libinit$$00000021)
    .ARM.Collect$$libinit$$00000023          0x000002de   Section        0  libinit2.o(.ARM.Collect$$libinit$$00000023)
    .ARM.Collect$$libinit$$00000025          0x000002de   Section        0  libinit2.o(.ARM.Collect$$libinit$$00000025)
    .ARM.Collect$$libinit$$00000027          0x000002de   Section        0  libinit2.o(.ARM.Collect$$libinit$$00000027)
    .ARM.Collect$$libinit$$0000002E          0x000002de   Section        0  libinit2.o(.ARM.Collect$$libinit$$0000002E)
    .ARM.Collect$$libinit$$00000030          0x000002de   Section        0  libinit2.o(.ARM.Collect$$libinit$$00000030)
    .ARM.Collect$$libinit$$00000032          0x000002de   Section        0  libinit2.o(.ARM.Collect$$libinit$$00000032)
    .ARM.Collect$$libinit$$00000034          0x000002de   Section        0  libinit2.o(.ARM.Collect$$libinit$$00000034)
    .ARM.Collect$$libinit$$00000035          0x000002de   Section        2  libinit2.o(.ARM.Collect$$libinit$$00000035)
    .ARM.Collect$$libshutdown$$00000000      0x000002e0   Section        2  libshutdown.o(.ARM.Collect$$libshutdown$$00000000)
    .ARM.Collect$$libshutdown$$00000002      0x000002e2   Section        0  libshutdown2.o(.ARM.Collect$$libshutdown$$00000002)
    .ARM.Collect$$libshutdown$$00000004      0x000002e2   Section        0  libshutdown2.o(.ARM.Collect$$libshutdown$$00000004)
    .ARM.Collect$$libshutdown$$00000007      0x000002e2   Section        0  libshutdown2.o(.ARM.Collect$$libshutdown$$00000007)
    .ARM.Collect$$libshutdown$$0000000A      0x000002e2   Section        0  libshutdown2.o(.ARM.Collect$$libshutdown$$0000000A)
    .ARM.Collect$$libshutdown$$0000000C      0x000002e2   Section        0  libshutdown2.o(.ARM.Collect$$libshutdown$$0000000C)
    .ARM.Collect$$libshutdown$$0000000F      0x000002e2   Section        0  libshutdown2.o(.ARM.Collect$$libshutdown$$0000000F)
    .ARM.Collect$$libshutdown$$00000010      0x000002e2   Section        2  libshutdown2.o(.ARM.Collect$$libshutdown$$00000010)
    .ARM.Collect$$rtentry$$00000000          0x000002e4   Section        0  __rtentry.o(.ARM.Collect$$rtentry$$00000000)
    .ARM.Collect$$rtentry$$00000002          0x000002e4   Section        0  __rtentry2.o(.ARM.Collect$$rtentry$$00000002)
    .ARM.Collect$$rtentry$$00000004          0x000002e4   Section        6  __rtentry4.o(.ARM.Collect$$rtentry$$00000004)
    .ARM.Collect$$rtentry$$00000009          0x000002ea   Section        0  __rtentry2.o(.ARM.Collect$$rtentry$$00000009)
    .ARM.Collect$$rtentry$$0000000A          0x000002ea   Section        4  __rtentry2.o(.ARM.Collect$$rtentry$$0000000A)
    .ARM.Collect$$rtentry$$0000000C          0x000002ee   Section        0  __rtentry2.o(.ARM.Collect$$rtentry$$0000000C)
    .ARM.Collect$$rtentry$$0000000D          0x000002ee   Section        8  __rtentry2.o(.ARM.Collect$$rtentry$$0000000D)
    .ARM.Collect$$rtexit$$00000000           0x000002f6   Section        2  rtexit.o(.ARM.Collect$$rtexit$$00000000)
    .ARM.Collect$$rtexit$$00000002           0x000002f8   Section        0  rtexit2.o(.ARM.Collect$$rtexit$$00000002)
    .ARM.Collect$$rtexit$$00000003           0x000002f8   Section        4  rtexit2.o(.ARM.Collect$$rtexit$$00000003)
    .ARM.Collect$$rtexit$$00000004           0x000002fc   Section        6  rtexit2.o(.ARM.Collect$$rtexit$$00000004)
    .text                                    0x00000304   Section       48  startup.o(.text)
    .text                                    0x00000334   Section        0  heapauxi.o(.text)
    .text                                    0x0000033a   Section       74  sys_stackheap_outer.o(.text)
    .text                                    0x00000384   Section        0  exit.o(.text)
    .text                                    0x00000398   Section        8  libspace.o(.text)
    .text                                    0x000003a0   Section        0  sys_exit.o(.text)
    .text                                    0x000003ac   Section        2  use_no_semi.o(.text)
    .text                                    0x000003ae   Section        0  indicate_semi.o(.text)
    [Anonymous Symbol]                       0x000003b0   Section        0  uartintstestmain.o(.text.OutCRLF)
    [Anonymous Symbol]                       0x000003c0   Section        0  pll.o(.text.PLL_Init)
    [Anonymous Symbol]                       0x0000044c   Section        0  uart.o(.text.RxFifo_Get)
    [Anonymous Symbol]                       0x000004a0   Section        0  uart.o(.text.RxFifo_Init)
    [Anonymous Symbol]                       0x000004cc   Section        0  uart.o(.text.RxFifo_Put)
    [Anonymous Symbol]                       0x00000524   Section        0  uart.o(.text.RxFifo_Size)
    [Anonymous Symbol]                       0x00000540   Section        0  uart.o(.text.TxFifo_Get)
    [Anonymous Symbol]                       0x00000594   Section        0  uart.o(.text.TxFifo_Init)
    [Anonymous Symbol]                       0x000005c0   Section        0  uart.o(.text.TxFifo_Put)
    [Anonymous Symbol]                       0x00000618   Section        0  uart.o(.text.TxFifo_Size)
    [Anonymous Symbol]                       0x00000634   Section        0  uart.o(.text.UART0_Handler)
    [Anonymous Symbol]                       0x000006c0   Section        0  uart.o(.text.UART_InChar)
    [Anonymous Symbol]                       0x000006dc   Section        0  uart.o(.text.UART_InString)
    [Anonymous Symbol]                       0x00000764   Section        0  uart.o(.text.UART_InUDec)
    [Anonymous Symbol]                       0x000007fc   Section        0  uart.o(.text.UART_InUHex)
    [Anonymous Symbol]                       0x000008d8   Section        0  uart.o(.text.UART_Init)
    [Anonymous Symbol]                       0x000009c8   Section        0  uart.o(.text.UART_OutChar)
    [Anonymous Symbol]                       0x00000a04   Section        0  uart.o(.text.UART_OutString)
    [Anonymous Symbol]                       0x00000a2c   Section        0  uart.o(.text.UART_OutUDec)
    [Anonymous Symbol]                       0x00000a74   Section        0  uart.o(.text.UART_OutUHex)
    copyHardwareToSoftware                   0x00000abd   Thumb Code    82  uart.o(.text.copyHardwareToSoftware)
    [Anonymous Symbol]                       0x00000abc   Section        0  uart.o(.text.copyHardwareToSoftware)
    copySoftwareToHardware                   0x00000b11   Thumb Code    82  uart.o(.text.copySoftwareToHardware)
    [Anonymous Symbol]                       0x00000b10   Section        0  uart.o(.text.copySoftwareToHardware)
    [Anonymous Symbol]                       0x00000b64   Section        0  uartintstestmain.o(.text.main)
    .L.str.2                                 0x00000c7e   Data           9  uartintstestmain.o(.rodata.str1.1)
    [Anonymous Symbol]                       0x00000c7e   Section        0  uartintstestmain.o(.rodata.str1.1)
    .L.str                                   0x00000c87   Data          11  uartintstestmain.o(.rodata.str1.1)
    .L.str.4                                 0x00000c92   Data           9  uartintstestmain.o(.rodata.str1.1)
    .L.str.3                                 0x00000c9b   Data          10  uartintstestmain.o(.rodata.str1.1)
    .L.str.1                                 0x00000ca5   Data          12  uartintstestmain.o(.rodata.str1.1)
    .L.str.5                                 0x00000cb1   Data          10  uartintstestmain.o(.rodata.str1.1)
    .bss                                     0x20000000   Section       96  libspace.o(.bss)
    RxFifo                                   0x20000060   Data          16  uart.o(.bss.RxFifo)
    [Anonymous Symbol]                       0x20000060   Section        0  uart.o(.bss.RxFifo)
    TxFifo                                   0x20000078   Data          16  uart.o(.bss.TxFifo)
    [Anonymous Symbol]                       0x20000078   Section        0  uart.o(.bss.TxFifo)
    HeapMem                                  0x20000090   Data           0  startup.o(HEAP)
    StackMem                                 0x20000090   Data           0  startup.o(STACK)
    HEAP                                     0x20000090   Section        0  startup.o(HEAP)
    STACK                                    0x20000090   Section     1024  startup.o(STACK)

    Global Symbols

    Symbol Name                              Value     Ov Type        Size  Object(Section)

    BuildAttributes$$THM_ISAv4$E$P$D$K$B$S$7EM$PE$A:L22UL41UL21$X:L11$S22US41US21$IEEE1$IW$~IW$USESV6$~STKCKD$USESV7$~SHL$OSPACE$ROPI$EBA8$UX$STANDARDLIB$REQ8$PRES8$EABIv2 0x00000000   Number         0  anon$$obj.o ABSOLUTE
    __Vectors                                0x00000000   Data           0  startup.o(RESET)
    __fp_init_empty                          0x00000000   Number         0  fpinit_empty.o ABSOLUTE
    __ARM_exceptions_init                     - Undefined Weak Reference
    __alloca_initialize                       - Undefined Weak Reference
    __arm_preinit_                            - Undefined Weak Reference
    __arm_relocate_pie_                       - Undefined Weak Reference
    __cpp_initialize__aeabi_                  - Undefined Weak Reference
    __cxa_finalize                            - Undefined Weak Reference
    __rt_locale                               - Undefined Weak Reference
    __sigvec_lookup                           - Undefined Weak Reference
    _atexit_init                              - Undefined Weak Reference
    _call_atexit_fns                          - Undefined Weak Reference
    _clock_init                               - Undefined Weak Reference
    _fp_trap_init                             - Undefined Weak Reference
    _fp_trap_shutdown                         - Undefined Weak Reference
    _get_lc_collate                           - Undefined Weak Reference
    _get_lc_ctype                             - Undefined Weak Reference
    _get_lc_monetary                          - Undefined Weak Reference
    _get_lc_numeric                           - Undefined Weak Reference
    _get_lc_time                              - Undefined Weak Reference
    _getenv_init                              - Undefined Weak Reference
    _handle_redirection                       - Undefined Weak Reference
    _init_alloc                               - Undefined Weak Reference
    _init_user_alloc                          - Undefined Weak Reference
    _initio                                   - Undefined Weak Reference
    _rand_init                                - Undefined Weak Reference
    _signal_finish                            - Undefined Weak Reference
    _signal_init                              - Undefined Weak Reference
    _terminate_alloc                          - Undefined Weak Reference
    _terminate_user_alloc                     - Undefined Weak Reference
    _terminateio                              - Undefined Weak Reference
    Reset_Handler                            0x0000026d   Thumb Code     0  startup.o(RESET)
    NMI_Handler                              0x00000271   Thumb Code     2  startup.o(RESET)
    HardFault_Handler                        0x00000273   Thumb Code     2  startup.o(RESET)
    MemManage_Handler                        0x00000275   Thumb Code     2  startup.o(RESET)
    BusFault_Handler                         0x00000277   Thumb Code     2  startup.o(RESET)
    UsageFault_Handler                       0x00000279   Thumb Code     2  startup.o(RESET)
    SVC_Handler                              0x0000027b   Thumb Code     2  startup.o(RESET)
    DebugMon_Handler                         0x0000027d   Thumb Code     2  startup.o(RESET)
    PendSV_Handler                           0x0000027f   Thumb Code     2  startup.o(RESET)
    SysTick_Handler                          0x00000281   Thumb Code     2  startup.o(RESET)
    ADC0Seq0_Handler                         0x00000283   Thumb Code     0  startup.o(RESET)
    ADC0Seq1_Handler                         0x00000283   Thumb Code     0  startup.o(RESET)
    ADC0Seq2_Handler                         0x00000283   Thumb Code     0  startup.o(RESET)
    ADC0Seq3_Handler                         0x00000283   Thumb Code     0  startup.o(RESET)
    ADC1Seq0_Handler                         0x00000283   Thumb Code     0  startup.o(RESET)
    ADC1Seq1_Handler                         0x00000283   Thumb Code     0  startup.o(RESET)
    ADC1Seq2_Handler                         0x00000283   Thumb Code     0  startup.o(RESET)
    ADC1Seq3_Handler                         0x00000283   Thumb Code     0  startup.o(RESET)
    CAN0_Handler                             0x00000283   Thumb Code     0  startup.o(RESET)
    CAN1_Handler                             0x00000283   Thumb Code     0  startup.o(RESET)
    CAN2_Handler                             0x00000283   Thumb Code     0  startup.o(RESET)
    Comp0_Handler                            0x00000283   Thumb Code     0  startup.o(RESET)
    Comp1_Handler                            0x00000283   Thumb Code     0  startup.o(RESET)
    Comp2_Handler                            0x00000283   Thumb Code     0  startup.o(RESET)
    Ethernet_Handler                         0x00000283   Thumb Code     0  startup.o(RESET)
    ExtBus_Handler                           0x00000283   Thumb Code     0  startup.o(RESET)
    FPU_Handler                              0x00000283   Thumb Code     0  startup.o(RESET)
    Fan0_Handler                             0x00000283   Thumb Code     0  startup.o(RESET)
    FlashCtl_Handler                         0x00000283   Thumb Code     0  startup.o(RESET)
    GPIOPortA_Handler                        0x00000283   Thumb Code     0  startup.o(RESET)
    GPIOPortB_Handler                        0x00000283   Thumb Code     0  startup.o(RESET)
    GPIOPortC_Handler                        0x00000283   Thumb Code     0  startup.o(RESET)
    GPIOPortD_Handler                        0x00000283   Thumb Code     0  startup.o(RESET)
    GPIOPortE_Handler                        0x00000283   Thumb Code     0  startup.o(RESET)
    GPIOPortF_Handler                        0x00000283   Thumb Code     0  startup.o(RESET)
    GPIOPortG_Handler                        0x00000283   Thumb Code     0  startup.o(RESET)
    GPIOPortH_Handler                        0x00000283   Thumb Code     0  startup.o(RESET)
    GPIOPortJ_Handler                        0x00000283   Thumb Code     0  startup.o(RESET)
    GPIOPortK_Handler                        0x00000283   Thumb Code     0  startup.o(RESET)
    GPIOPortL_Handler                        0x00000283   Thumb Code     0  startup.o(RESET)
    GPIOPortM_Handler                        0x00000283   Thumb Code     0  startup.o(RESET)
    GPIOPortN_Handler                        0x00000283   Thumb Code     0  startup.o(RESET)
    GPIOPortP1_Handler                       0x00000283   Thumb Code     0  startup.o(RESET)
    GPIOPortP2_Handler                       0x00000283   Thumb Code     0  startup.o(RESET)
    GPIOPortP3_Handler                       0x00000283   Thumb Code     0  startup.o(RESET)
    GPIOPortP4_Handler                       0x00000283   Thumb Code     0  startup.o(RESET)
    GPIOPortP5_Handler                       0x00000283   Thumb Code     0  startup.o(RESET)
    GPIOPortP6_Handler                       0x00000283   Thumb Code     0  startup.o(RESET)
    GPIOPortP7_Handler                       0x00000283   Thumb Code     0  startup.o(RESET)
    GPIOPortP_Handler                        0x00000283   Thumb Code     0  startup.o(RESET)
    GPIOPortQ1_Handler                       0x00000283   Thumb Code     0  startup.o(RESET)
    GPIOPortQ2_Handler                       0x00000283   Thumb Code     0  startup.o(RESET)
    GPIOPortQ3_Handler                       0x00000283   Thumb Code     0  startup.o(RESET)
    GPIOPortQ4_Handler                       0x00000283   Thumb Code     0  startup.o(RESET)
    GPIOPortQ5_Handler                       0x00000283   Thumb Code     0  startup.o(RESET)
    GPIOPortQ6_Handler                       0x00000283   Thumb Code     0  startup.o(RESET)
    GPIOPortQ7_Handler                       0x00000283   Thumb Code     0  startup.o(RESET)
    GPIOPortQ_Handler                        0x00000283   Thumb Code     0  startup.o(RESET)
    GPIOPortR_Handler                        0x00000283   Thumb Code     0  startup.o(RESET)
    GPIOPortS_Handler                        0x00000283   Thumb Code     0  startup.o(RESET)
    Hibernate_Handler                        0x00000283   Thumb Code     0  startup.o(RESET)
    I2C0_Handler                             0x00000283   Thumb Code     0  startup.o(RESET)
    I2C1_Handler                             0x00000283   Thumb Code     0  startup.o(RESET)
    I2C2_Handler                             0x00000283   Thumb Code     0  startup.o(RESET)
    I2C3_Handler                             0x00000283   Thumb Code     0  startup.o(RESET)
    I2C4_Handler                             0x00000283   Thumb Code     0  startup.o(RESET)
    I2C5_Handler                             0x00000283   Thumb Code     0  startup.o(RESET)
    I2S0_Handler                             0x00000283   Thumb Code     0  startup.o(RESET)
    LPC0_Handler                             0x00000283   Thumb Code     0  startup.o(RESET)
    PECI0_Handler                            0x00000283   Thumb Code     0  startup.o(RESET)
    PWM0Fault_Handler                        0x00000283   Thumb Code     0  startup.o(RESET)
    PWM0Generator0_Handler                   0x00000283   Thumb Code     0  startup.o(RESET)
    PWM0Generator1_Handler                   0x00000283   Thumb Code     0  startup.o(RESET)
    PWM0Generator2_Handler                   0x00000283   Thumb Code     0  startup.o(RESET)
    PWM0Generator3_Handler                   0x00000283   Thumb Code     0  startup.o(RESET)
    PWM1Fault_Handler                        0x00000283   Thumb Code     0  startup.o(RESET)
    PWM1Generator0_Handler                   0x00000283   Thumb Code     0  startup.o(RESET)
    PWM1Generator1_Handler                   0x00000283   Thumb Code     0  startup.o(RESET)
    PWM1Generator2_Handler                   0x00000283   Thumb Code     0  startup.o(RESET)
    PWM1Generator3_Handler                   0x00000283   Thumb Code     0  startup.o(RESET)
    Quadrature0_Handler                      0x00000283   Thumb Code     0  startup.o(RESET)
    Quadrature1_Handler                      0x00000283   Thumb Code     0  startup.o(RESET)
    Quadrature2_Handler                      0x00000283   Thumb Code     0  startup.o(RESET)
    SSI0_Handler                             0x00000283   Thumb Code     0  startup.o(RESET)
    SSI1_Handler                             0x00000283   Thumb Code     0  startup.o(RESET)
    SSI2_Handler                             0x00000283   Thumb Code     0  startup.o(RESET)
    SSI3_Handler                             0x00000283   Thumb Code     0  startup.o(RESET)
    SysCtl_Handler                           0x00000283   Thumb Code     0  startup.o(RESET)
    Timer0A_Handler                          0x00000283   Thumb Code     0  startup.o(RESET)
    Timer0B_Handler                          0x00000283   Thumb Code     0  startup.o(RESET)
    Timer1A_Handler                          0x00000283   Thumb Code     0  startup.o(RESET)
    Timer1B_Handler                          0x00000283   Thumb Code     0  startup.o(RESET)
    Timer2A_Handler                          0x00000283   Thumb Code     0  startup.o(RESET)
    Timer2B_Handler                          0x00000283   Thumb Code     0  startup.o(RESET)
    Timer3A_Handler                          0x00000283   Thumb Code     0  startup.o(RESET)
    Timer3B_Handler                          0x00000283   Thumb Code     0  startup.o(RESET)
    Timer4A_Handler                          0x00000283   Thumb Code     0  startup.o(RESET)
    Timer4B_Handler                          0x00000283   Thumb Code     0  startup.o(RESET)
    Timer5A_Handler                          0x00000283   Thumb Code     0  startup.o(RESET)
    Timer5B_Handler                          0x00000283   Thumb Code     0  startup.o(RESET)
    UART1_Handler                            0x00000283   Thumb Code     0  startup.o(RESET)
    UART2_Handler                            0x00000283   Thumb Code     0  startup.o(RESET)
    UART3_Handler                            0x00000283   Thumb Code     0  startup.o(RESET)
    UART4_Handler                            0x00000283   Thumb Code     0  startup.o(RESET)
    UART5_Handler                            0x00000283   Thumb Code     0  startup.o(RESET)
    UART6_Handler                            0x00000283   Thumb Code     0  startup.o(RESET)
    UART7_Handler                            0x00000283   Thumb Code     0  startup.o(RESET)
    USB0_Handler                             0x00000283   Thumb Code     0  startup.o(RESET)
    WDT_Handler                              0x00000283   Thumb Code     0  startup.o(RESET)
    WideTimer0A_Handler                      0x00000283   Thumb Code     0  startup.o(RESET)
    WideTimer0B_Handler                      0x00000283   Thumb Code     0  startup.o(RESET)
    WideTimer1A_Handler                      0x00000283   Thumb Code     0  startup.o(RESET)
    WideTimer1B_Handler                      0x00000283   Thumb Code     0  startup.o(RESET)
    WideTimer2A_Handler                      0x00000283   Thumb Code     0  startup.o(RESET)
    WideTimer2B_Handler                      0x00000283   Thumb Code     0  startup.o(RESET)
    WideTimer3A_Handler                      0x00000283   Thumb Code     0  startup.o(RESET)
    WideTimer3B_Handler                      0x00000283   Thumb Code     0  startup.o(RESET)
    WideTimer4A_Handler                      0x00000283   Thumb Code     0  startup.o(RESET)
    WideTimer4B_Handler                      0x00000283   Thumb Code     0  startup.o(RESET)
    WideTimer5A_Handler                      0x00000283   Thumb Code     0  startup.o(RESET)
    WideTimer5B_Handler                      0x00000283   Thumb Code     0  startup.o(RESET)
    uDMA_Error                               0x00000283   Thumb Code     0  startup.o(RESET)
    uDMA_Handler                             0x00000283   Thumb Code     0  startup.o(RESET)
    __main                                   0x00000285   Thumb Code     8  __main.o(!!!main)
    __scatterload                            0x0000028d   Thumb Code     0  __scatter.o(!!!scatter)
    __scatterload_rt2                        0x0000028d   Thumb Code    44  __scatter.o(!!!scatter)
    __scatterload_rt2_thumb_only             0x0000028d   Thumb Code     0  __scatter.o(!!!scatter)
    __scatterload_null                       0x0000029b   Thumb Code     0  __scatter.o(!!!scatter)
    __scatterload_zeroinit                   0x000002c1   Thumb Code    28  __scatter_zi.o(!!handler_zi)
    __rt_lib_init                            0x000002dd   Thumb Code     0  libinit.o(.ARM.Collect$$libinit$$00000000)
    __rt_lib_init_alloca_1                   0x000002df   Thumb Code     0  libinit2.o(.ARM.Collect$$libinit$$00000030)
    __rt_lib_init_argv_1                     0x000002df   Thumb Code     0  libinit2.o(.ARM.Collect$$libinit$$0000002E)
    __rt_lib_init_atexit_1                   0x000002df   Thumb Code     0  libinit2.o(.ARM.Collect$$libinit$$0000001D)
    __rt_lib_init_clock_1                    0x000002df   Thumb Code     0  libinit2.o(.ARM.Collect$$libinit$$00000023)
    __rt_lib_init_cpp_1                      0x000002df   Thumb Code     0  libinit2.o(.ARM.Collect$$libinit$$00000034)
    __rt_lib_init_exceptions_1               0x000002df   Thumb Code     0  libinit2.o(.ARM.Collect$$libinit$$00000032)
    __rt_lib_init_fp_1                       0x000002df   Thumb Code     0  libinit2.o(.ARM.Collect$$libinit$$00000002)
    __rt_lib_init_fp_trap_1                  0x000002df   Thumb Code     0  libinit2.o(.ARM.Collect$$libinit$$00000021)
    __rt_lib_init_getenv_1                   0x000002df   Thumb Code     0  libinit2.o(.ARM.Collect$$libinit$$00000025)
    __rt_lib_init_heap_1                     0x000002df   Thumb Code     0  libinit2.o(.ARM.Collect$$libinit$$0000000C)
    __rt_lib_init_lc_collate_1               0x000002df   Thumb Code     0  libinit2.o(.ARM.Collect$$libinit$$00000013)
    __rt_lib_init_lc_ctype_1                 0x000002df   Thumb Code     0  libinit2.o(.ARM.Collect$$libinit$$00000015)
    __rt_lib_init_lc_monetary_1              0x000002df   Thumb Code     0  libinit2.o(.ARM.Collect$$libinit$$00000017)
    __rt_lib_init_lc_numeric_1               0x000002df   Thumb Code     0  libinit2.o(.ARM.Collect$$libinit$$00000019)
    __rt_lib_init_lc_time_1                  0x000002df   Thumb Code     0  libinit2.o(.ARM.Collect$$libinit$$0000001B)
    __rt_lib_init_preinit_1                  0x000002df   Thumb Code     0  libinit2.o(.ARM.Collect$$libinit$$00000006)
    __rt_lib_init_rand_1                     0x000002df   Thumb Code     0  libinit2.o(.ARM.Collect$$libinit$$00000010)
    __rt_lib_init_relocate_pie_1             0x000002df   Thumb Code     0  libinit2.o(.ARM.Collect$$libinit$$00000004)
    __rt_lib_init_return                     0x000002df   Thumb Code     0  libinit2.o(.ARM.Collect$$libinit$$00000035)
    __rt_lib_init_signal_1                   0x000002df   Thumb Code     0  libinit2.o(.ARM.Collect$$libinit$$0000001F)
    __rt_lib_init_stdio_1                    0x000002df   Thumb Code     0  libinit2.o(.ARM.Collect$$libinit$$00000027)
    __rt_lib_init_user_alloc_1               0x000002df   Thumb Code     0  libinit2.o(.ARM.Collect$$libinit$$0000000E)
    __rt_lib_shutdown                        0x000002e1   Thumb Code     0  libshutdown.o(.ARM.Collect$$libshutdown$$00000000)
    __rt_lib_shutdown_cpp_1                  0x000002e3   Thumb Code     0  libshutdown2.o(.ARM.Collect$$libshutdown$$00000002)
    __rt_lib_shutdown_fp_trap_1              0x000002e3   Thumb Code     0  libshutdown2.o(.ARM.Collect$$libshutdown$$00000007)
    __rt_lib_shutdown_heap_1                 0x000002e3   Thumb Code     0  libshutdown2.o(.ARM.Collect$$libshutdown$$0000000F)
    __rt_lib_shutdown_return                 0x000002e3   Thumb Code     0  libshutdown2.o(.ARM.Collect$$libshutdown$$00000010)
    __rt_lib_shutdown_signal_1               0x000002e3   Thumb Code     0  libshutdown2.o(.ARM.Collect$$libshutdown$$0000000A)
    __rt_lib_shutdown_stdio_1                0x000002e3   Thumb Code     0  libshutdown2.o(.ARM.Collect$$libshutdown$$00000004)
    __rt_lib_shutdown_user_alloc_1           0x000002e3   Thumb Code     0  libshutdown2.o(.ARM.Collect$$libshutdown$$0000000C)
    __rt_entry                               0x000002e5   Thumb Code     0  __rtentry.o(.ARM.Collect$$rtentry$$00000000)
    __rt_entry_presh_1                       0x000002e5   Thumb Code     0  __rtentry2.o(.ARM.Collect$$rtentry$$00000002)
    __rt_entry_sh                            0x000002e5   Thumb Code     0  __rtentry4.o(.ARM.Collect$$rtentry$$00000004)
    __rt_entry_li                            0x000002eb   Thumb Code     0  __rtentry2.o(.ARM.Collect$$rtentry$$0000000A)
    __rt_entry_postsh_1                      0x000002eb   Thumb Code     0  __rtentry2.o(.ARM.Collect$$rtentry$$00000009)
    __rt_entry_main                          0x000002ef   Thumb Code     0  __rtentry2.o(.ARM.Collect$$rtentry$$0000000D)
    __rt_entry_postli_1                      0x000002ef   Thumb Code     0  __rtentry2.o(.ARM.Collect$$rtentry$$0000000C)
    __rt_exit                                0x000002f7   Thumb Code     0  rtexit.o(.ARM.Collect$$rtexit$$00000000)
    __rt_exit_ls                             0x000002f9   Thumb Code     0  rtexit2.o(.ARM.Collect$$rtexit$$00000003)
    __rt_exit_prels_1                        0x000002f9   Thumb Code     0  rtexit2.o(.ARM.Collect$$rtexit$$00000002)
    __rt_exit_exit                           0x000002fd   Thumb Code     0  rtexit2.o(.ARM.Collect$$rtexit$$00000004)
    DisableInterrupts                        0x00000305   Thumb Code     0  startup.o(.text)
    EnableInterrupts                         0x00000309   Thumb Code     0  startup.o(.text)
    StartCritical                            0x0000030d   Thumb Code     0  startup.o(.text)
    EndCritical                              0x00000315   Thumb Code     0  startup.o(.text)
    WaitForInterrupt                         0x0000031b   Thumb Code     0  startup.o(.text)
    __user_initial_stackheap                 0x0000031f   Thumb Code     0  startup.o(.text)
    __use_two_region_memory                  0x00000335   Thumb Code     2  heapauxi.o(.text)
    __rt_heap_escrow$2region                 0x00000337   Thumb Code     2  heapauxi.o(.text)
    __rt_heap_expand$2region                 0x00000339   Thumb Code     2  heapauxi.o(.text)
    __user_setup_stackheap                   0x0000033b   Thumb Code    74  sys_stackheap_outer.o(.text)
    exit                                     0x00000385   Thumb Code    18  exit.o(.text)
    __user_libspace                          0x00000399   Thumb Code     8  libspace.o(.text)
    __user_perproc_libspace                  0x00000399   Thumb Code     0  libspace.o(.text)
    __user_perthread_libspace                0x00000399   Thumb Code     0  libspace.o(.text)
    _sys_exit                                0x000003a1   Thumb Code     8  sys_exit.o(.text)
    __I$use$semihosting                      0x000003ad   Thumb Code     0  use_no_semi.o(.text)
    __use_no_semihosting_swi                 0x000003ad   Thumb Code     2  use_no_semi.o(.text)
    __semihosting_library_function           0x000003af   Thumb Code     0  indicate_semi.o(.text)
    OutCRLF                                  0x000003b1   Thumb Code    16  uartintstestmain.o(.text.OutCRLF)
    PLL_Init                                 0x000003c1   Thumb Code   138  pll.o(.text.PLL_Init)
    RxFifo_Get                               0x0000044d   Thumb Code    82  uart.o(.text.RxFifo_Get)
    RxFifo_Init                              0x000004a1   Thumb Code    42  uart.o(.text.RxFifo_Init)
    RxFifo_Put                               0x000004cd   Thumb Code    86  uart.o(.text.RxFifo_Put)
    RxFifo_Size                              0x00000525   Thumb Code    26  uart.o(.text.RxFifo_Size)
    TxFifo_Get                               0x00000541   Thumb Code    82  uart.o(.text.TxFifo_Get)
    TxFifo_Init                              0x00000595   Thumb Code    42  uart.o(.text.TxFifo_Init)
    TxFifo_Put                               0x000005c1   Thumb Code    86  uart.o(.text.TxFifo_Put)
    TxFifo_Size                              0x00000619   Thumb Code    26  uart.o(.text.TxFifo_Size)
    UART0_Handler                            0x00000635   Thumb Code   138  uart.o(.text.UART0_Handler)
    UART_InChar                              0x000006c1   Thumb Code    28  uart.o(.text.UART_InChar)
    UART_InString                            0x000006dd   Thumb Code   136  uart.o(.text.UART_InString)
    UART_InUDec                              0x00000765   Thumb Code   152  uart.o(.text.UART_InUDec)
    UART_InUHex                              0x000007fd   Thumb Code   218  uart.o(.text.UART_InUHex)
    UART_Init                                0x000008d9   Thumb Code   238  uart.o(.text.UART_Init)
    UART_OutChar                             0x000009c9   Thumb Code    60  uart.o(.text.UART_OutChar)
    UART_OutString                           0x00000a05   Thumb Code    38  uart.o(.text.UART_OutString)
    UART_OutUDec                             0x00000a2d   Thumb Code    72  uart.o(.text.UART_OutUDec)
    UART_OutUHex                             0x00000a75   Thumb Code    72  uart.o(.text.UART_OutUHex)
    main                                     0x00000b65   Thumb Code   282  uartintstestmain.o(.text.main)
    Region$$Table$$Base                      0x00000cbc   Number         0  anon$$obj.o(Region$$Table)
    Region$$Table$$Limit                     0x00000ccc   Number         0  anon$$obj.o(Region$$Table)
    __libspace_start                         0x20000000   Data          96  libspace.o(.bss)
    __temporary_stack_top$libspace           0x20000060   Data           0  libspace.o(.bss)
    RxGetI                                   0x20000070   Data           4  uart.o(.bss.RxGetI)
    RxPutI                                   0x20000074   Data           4  uart.o(.bss.RxPutI)
    TxGetI                                   0x20000088   Data           4  uart.o(.bss.TxGetI)
    TxPutI                                   0x2000008c   Data           4  uart.o(.bss.TxPutI)



==============================================================================

Memory Map of the image

  Image Entry point : 0x0000026d

  Load Region LR_1 (Base: 0x00000000, Size: 0x00000ccc, Max: 0xffffffff, ABSOLUTE)

    Execution Region ER_RO (Exec base: 0x00000000, Load base: 0x00000000, Size: 0x00000ccc, Max: 0xffffffff, ABSOLUTE)

    Exec Addr    Load Addr    Size         Type   Attr      Idx    E Section Name        Object

    0x00000000   0x00000000   0x00000284   Code   RO            3  * RESET               startup.o
    0x00000284   0x00000284   0x00000008   Code   RO           90  * !!!main             c_w.l(__main.o)
    0x0000028c   0x0000028c   0x00000034   Code   RO          255    !!!scatter          c_w.l(__scatter.o)
    0x000002c0   0x000002c0   0x0000001c   Code   RO          257    !!handler_zi        c_w.l(__scatter_zi.o)
    0x000002dc   0x000002dc   0x00000002   Code   RO          117    .ARM.Collect$$libinit$$00000000  c_w.l(libinit.o)
    0x000002de   0x000002de   0x00000000   Code   RO          124    .ARM.Collect$$libinit$$00000002  c_w.l(libinit2.o)
    0x000002de   0x000002de   0x00000000   Code   RO          126    .ARM.Collect$$libinit$$00000004  c_w.l(libinit2.o)
    0x000002de   0x000002de   0x00000000   Code   RO          128    .ARM.Collect$$libinit$$00000006  c_w.l(libinit2.o)
    0x000002de   0x000002de   0x00000000   Code   RO          131    .ARM.Collect$$libinit$$0000000C  c_w.l(libinit2.o)
    0x000002de   0x000002de   0x00000000   Code   RO          133    .ARM.Collect$$libinit$$0000000E  c_w.l(libinit2.o)
    0x000002de   0x000002de   0x00000000   Code   RO          135    .ARM.Collect$$libinit$$00000010  c_w.l(libinit2.o)
    0x000002de   0x000002de   0x00000000   Code   RO          138    .ARM.Collect$$libinit$$00000013  c_w.l(libinit2.o)
    0x000002de   0x000002de   0x00000000   Code   RO          140    .ARM.Collect$$libinit$$00000015  c_w.l(libinit2.o)
    0x000002de   0x000002de   0x00000000   Code   RO          142    .ARM.Collect$$libinit$$00000017  c_w.l(libinit2.o)
    0x000002de   0x000002de   0x00000000   Code   RO          144    .ARM.Collect$$libinit$$00000019  c_w.l(libinit2.o)
    0x000002de   0x000002de   0x00000000   Code   RO          146    .ARM.Collect$$libinit$$0000001B  c_w.l(libinit2.o)
    0x000002de   0x000002de   0x00000000   Code   RO          148    .ARM.Collect$$libinit$$0000001D  c_w.l(libinit2.o)
    0x000002de   0x000002de   0x00000000   Code   RO          150    .ARM.Collect$$libinit$$0000001F  c_w.l(libinit2.o)
    0x000002de   0x000002de   0x00000000   Code   RO          152    .ARM.Collect$$libinit$$00000021  c_w.l(libinit2.o)
    0x000002de   0x000002de   0x00000000   Code   RO          154    .ARM.Collect$$libinit$$00000023  c_w.l(libinit2.o)
    0x000002de   0x000002de   0x00000000   Code   RO          156    .ARM.Collect$$libinit$$00000025  c_w.l(libinit2.o)
    0x000002de   0x000002de   0x00000000   Code   RO          158    .ARM.Collect$$libinit$$00000027  c_w.l(libinit2.o)
    0x000002de   0x000002de   0x00000000   Code   RO          162    .ARM.Collect$$libinit$$0000002E  c_w.l(libinit2.o)
    0x000002de   0x000002de   0x00000000   Code   RO          164    .ARM.Collect$$libinit$$00000030  c_w.l(libinit2.o)
    0x000002de   0x000002de   0x00000000   Code   RO          166    .ARM.Collect$$libinit$$00000032  c_w.l(libinit2.o)
    0x000002de   0x000002de   0x00000000   Code   RO          168    .ARM.Collect$$libinit$$00000034  c_w.l(libinit2.o)
    0x000002de   0x000002de   0x00000002   Code   RO          169    .ARM.Collect$$libinit$$00000035  c_w.l(libinit2.o)
    0x000002e0   0x000002e0   0x00000002   Code   RO          191    .ARM.Collect$$libshutdown$$00000000  c_w.l(libshutdown.o)
    0x000002e2   0x000002e2   0x00000000   Code   RO          206    .ARM.Collect$$libshutdown$$00000002  c_w.l(libshutdown2.o)
    0x000002e2   0x000002e2   0x00000000   Code   RO          208    .ARM.Collect$$libshutdown$$00000004  c_w.l(libshutdown2.o)
    0x000002e2   0x000002e2   0x00000000   Code   RO          211    .ARM.Collect$$libshutdown$$00000007  c_w.l(libshutdown2.o)
    0x000002e2   0x000002e2   0x00000000   Code   RO          214    .ARM.Collect$$libshutdown$$0000000A  c_w.l(libshutdown2.o)
    0x000002e2   0x000002e2   0x00000000   Code   RO          216    .ARM.Collect$$libshutdown$$0000000C  c_w.l(libshutdown2.o)
    0x000002e2   0x000002e2   0x00000000   Code   RO          219    .ARM.Collect$$libshutdown$$0000000F  c_w.l(libshutdown2.o)
    0x000002e2   0x000002e2   0x00000002   Code   RO          220    .ARM.Collect$$libshutdown$$00000010  c_w.l(libshutdown2.o)
    0x000002e4   0x000002e4   0x00000000   Code   RO           92    .ARM.Collect$$rtentry$$00000000  c_w.l(__rtentry.o)
    0x000002e4   0x000002e4   0x00000000   Code   RO           94    .ARM.Collect$$rtentry$$00000002  c_w.l(__rtentry2.o)
    0x000002e4   0x000002e4   0x00000006   Code   RO          106    .ARM.Collect$$rtentry$$00000004  c_w.l(__rtentry4.o)
    0x000002ea   0x000002ea   0x00000000   Code   RO           96    .ARM.Collect$$rtentry$$00000009  c_w.l(__rtentry2.o)
    0x000002ea   0x000002ea   0x00000004   Code   RO           97    .ARM.Collect$$rtentry$$0000000A  c_w.l(__rtentry2.o)
    0x000002ee   0x000002ee   0x00000000   Code   RO           99    .ARM.Collect$$rtentry$$0000000C  c_w.l(__rtentry2.o)
    0x000002ee   0x000002ee   0x00000008   Code   RO          100    .ARM.Collect$$rtentry$$0000000D  c_w.l(__rtentry2.o)
    0x000002f6   0x000002f6   0x00000002   Code   RO          121    .ARM.Collect$$rtexit$$00000000  c_w.l(rtexit.o)
    0x000002f8   0x000002f8   0x00000000   Code   RO          171    .ARM.Collect$$rtexit$$00000002  c_w.l(rtexit2.o)
    0x000002f8   0x000002f8   0x00000004   Code   RO          172    .ARM.Collect$$rtexit$$00000003  c_w.l(rtexit2.o)
    0x000002fc   0x000002fc   0x00000006   Code   RO          173    .ARM.Collect$$rtexit$$00000004  c_w.l(rtexit2.o)
    0x00000302   0x00000302   0x00000002   PAD
    0x00000304   0x00000304   0x00000030   Code   RO            4    .text               startup.o
    0x00000334   0x00000334   0x00000006   Code   RO           88    .text               c_w.l(heapauxi.o)
    0x0000033a   0x0000033a   0x0000004a   Code   RO          108    .text               c_w.l(sys_stackheap_outer.o)
    0x00000384   0x00000384   0x00000012   Code   RO          110    .text               c_w.l(exit.o)
    0x00000396   0x00000396   0x00000002   PAD
    0x00000398   0x00000398   0x00000008   Code   RO          118    .text               c_w.l(libspace.o)
    0x000003a0   0x000003a0   0x0000000c   Code   RO          181    .text               c_w.l(sys_exit.o)
    0x000003ac   0x000003ac   0x00000002   Code   RO          196    .text               c_w.l(use_no_semi.o)
    0x000003ae   0x000003ae   0x00000000   Code   RO          198    .text               c_w.l(indicate_semi.o)
    0x000003ae   0x000003ae   0x00000002   PAD
    0x000003b0   0x000003b0   0x00000010   Code   RO           74    .text.OutCRLF       uartintstestmain.o
    0x000003c0   0x000003c0   0x0000008a   Code   RO           13    .text.PLL_Init      pll.o
    0x0000044a   0x0000044a   0x00000002   PAD
    0x0000044c   0x0000044c   0x00000052   Code   RO           25    .text.RxFifo_Get    uart.o
    0x0000049e   0x0000049e   0x00000002   PAD
    0x000004a0   0x000004a0   0x0000002a   Code   RO           21    .text.RxFifo_Init   uart.o
    0x000004ca   0x000004ca   0x00000002   PAD
    0x000004cc   0x000004cc   0x00000056   Code   RO           23    .text.RxFifo_Put    uart.o
    0x00000522   0x00000522   0x00000002   PAD
    0x00000524   0x00000524   0x0000001a   Code   RO           27    .text.RxFifo_Size   uart.o
    0x0000053e   0x0000053e   0x00000002   PAD
    0x00000540   0x00000540   0x00000052   Code   RO           33    .text.TxFifo_Get    uart.o
    0x00000592   0x00000592   0x00000002   PAD
    0x00000594   0x00000594   0x0000002a   Code   RO           29    .text.TxFifo_Init   uart.o
    0x000005be   0x000005be   0x00000002   PAD
    0x000005c0   0x000005c0   0x00000056   Code   RO           31    .text.TxFifo_Put    uart.o
    0x00000616   0x00000616   0x00000002   PAD
    0x00000618   0x00000618   0x0000001a   Code   RO           35    .text.TxFifo_Size   uart.o
    0x00000632   0x00000632   0x00000002   PAD
    0x00000634   0x00000634   0x0000008a   Code   RO           45    .text.UART0_Handler  uart.o
    0x000006be   0x000006be   0x00000002   PAD
    0x000006c0   0x000006c0   0x0000001c   Code   RO           39    .text.UART_InChar   uart.o
    0x000006dc   0x000006dc   0x00000088   Code   RO           59    .text.UART_InString  uart.o
    0x00000764   0x00000764   0x00000098   Code   RO           51    .text.UART_InUDec   uart.o
    0x000007fc   0x000007fc   0x000000da   Code   RO           55    .text.UART_InUHex   uart.o
    0x000008d6   0x000008d6   0x00000002   PAD
    0x000008d8   0x000008d8   0x000000ee   Code   RO           37    .text.UART_Init     uart.o
    0x000009c6   0x000009c6   0x00000002   PAD
    0x000009c8   0x000009c8   0x0000003c   Code   RO           41    .text.UART_OutChar  uart.o
    0x00000a04   0x00000a04   0x00000026   Code   RO           49    .text.UART_OutString  uart.o
    0x00000a2a   0x00000a2a   0x00000002   PAD
    0x00000a2c   0x00000a2c   0x00000048   Code   RO           53    .text.UART_OutUDec  uart.o
    0x00000a74   0x00000a74   0x00000048   Code   RO           57    .text.UART_OutUHex  uart.o
    0x00000abc   0x00000abc   0x00000052   Code   RO           47    .text.copyHardwareToSoftware  uart.o
    0x00000b0e   0x00000b0e   0x00000002   PAD
    0x00000b10   0x00000b10   0x00000052   Code   RO           43    .text.copySoftwareToHardware  uart.o
    0x00000b62   0x00000b62   0x00000002   PAD
    0x00000b64   0x00000b64   0x0000011a   Code   RO           76    .text.main          uartintstestmain.o
    0x00000c7e   0x00000c7e   0x0000003d   Data   RO           78    .rodata.str1.1      uartintstestmain.o
    0x00000cbb   0x00000cbb   0x00000001   PAD
    0x00000cbc   0x00000cbc   0x00000010   Data   RO          254    Region$$Table       anon$$obj.o


    Execution Region ER_RW (Exec base: 0x20000000, Load base: 0x00000ccc, Size: 0x00000000, Max: 0xffffffff, ABSOLUTE)

    **** No section assigned to this execution region ****


    Execution Region ER_ZI (Exec base: 0x20000000, Load base: 0x00000ccc, Size: 0x00000490, Max: 0xffffffff, ABSOLUTE)

    Exec Addr    Load Addr    Size         Type   Attr      Idx    E Section Name        Object

    0x20000000        -       0x00000060   Zero   RW          119    .bss                c_w.l(libspace.o)
    0x20000060        -       0x00000010   Zero   RW           63    .bss.RxFifo         uart.o
    0x20000070        -       0x00000004   Zero   RW           61    .bss.RxGetI         uart.o
    0x20000074        -       0x00000004   Zero   RW           62    .bss.RxPutI         uart.o
    0x20000078        -       0x00000010   Zero   RW           66    .bss.TxFifo         uart.o
    0x20000088        -       0x00000004   Zero   RW           64    .bss.TxGetI         uart.o
    0x2000008c        -       0x00000004   Zero   RW           65    .bss.TxPutI         uart.o
    0x20000090        -       0x00000000   Zero   RW            2    HEAP                startup.o
    0x20000090        -       0x00000400   Zero   RW            1    STACK               startup.o


==============================================================================

Image component sizes


      Code (inc. data)   RO Data    RW Data    ZI Data      Debug   Object Name

       138          0          0          0          0        601   pll.o
       692        632          0          0       1024        996   startup.o
      1788          0          0          0         48       4112   uart.o
       298          0         61          0          0        935   uartintstestmain.o

    ----------------------------------------------------------------------
      2946        632         78          0       1072       6644   Object Totals
         0          0         16          0          0          0   (incl. Generated)
        30          0          1          0          0          0   (incl. Padding)

    ----------------------------------------------------------------------

      Code (inc. data)   RO Data    RW Data    ZI Data      Debug   Library Member Name

         8          0          0          0          0         68   __main.o
         0          0          0          0          0          0   __rtentry.o
        12          0          0          0          0          0   __rtentry2.o
         6          0          0          0          0          0   __rtentry4.o
        52          8          0          0          0          0   __scatter.o
        28          0          0          0          0          0   __scatter_zi.o
        18          0          0          0          0         80   exit.o
         6          0          0          0          0        152   heapauxi.o
         0          0          0          0          0          0   indicate_semi.o
         2          0          0          0          0          0   libinit.o
         2          0          0          0          0          0   libinit2.o
         2          0          0          0          0          0   libshutdown.o
         2          0          0          0          0          0   libshutdown2.o
         8          4          0          0         96         68   libspace.o
         2          0          0          0          0          0   rtexit.o
        10          0          0          0          0          0   rtexit2.o
        12          4          0          0          0         68   sys_exit.o
        74          0          0          0          0         80   sys_stackheap_outer.o
         2          0          0          0          0         68   use_no_semi.o

    ----------------------------------------------------------------------
       252         16          0          0         96        584   Library Totals
         6          0          0          0          0          0   (incl. Padding)

    ----------------------------------------------------------------------

      Code (inc. data)   RO Data    RW Data    ZI Data      Debug   Library Name

       246         16          0          0         96        584   c_w.l

    ----------------------------------------------------------------------
       252         16          0          0         96        584   Library Totals

    ----------------------------------------------------------------------

==============================================================================


      Code (inc. data)   RO Data    RW Data    ZI Data      Debug   

      3198        648         78          0       1168       7012   Grand Totals
      3198        648         78          0       1168       7012   ELF Image Totals
      3198        648         78          0          0          0   ROM Totals

==============================================================================

    Total RO  Size (Code + RO Data)                 3276 (   3.20kB)
    Total RW  Size (RW Data + ZI Data)              1168 (   1.14kB)
    Total ROM Size (Code + RO Data + RW Data)       3276 (   3.20kB)

==============================================================================

